// Jest Snapshot v1, https://goo.gl/fbAQLP

exports[`SingleText Component SingleText snapshot test 1`] = `
<div
  className="TopLevelDisplay"
>
  <h1>
    Single Text Analysis
  </h1>
  <div
    className="container"
  >
    <div
      className="justify-content-md-center row"
    >
      <div
        className="col-md-3 col-6"
      >
        <div
          className="card-padding card"
        >
          <div
            className="card-body"
          >
            <div
              className="card-title h5"
              data-testid="SC_value"
            >
              0
            </div>
            <div
              className="mb-2 text-muted card-subtitle h6"
              data-testid="SC_description"
            >
              Words
            </div>
          </div>
        </div>
      </div>
      <div
        className="col-md-3 col-6"
      >
        <div
          className="card-padding card"
        >
          <div
            className="card-body"
          >
            <div
              className="card-title h5"
              data-testid="SC_value"
            >
              1
            </div>
            <div
              className="mb-2 text-muted card-subtitle h6"
              data-testid="SC_description"
            >
              Sentences
            </div>
          </div>
        </div>
      </div>
      <div
        className="col-md-3 col-6"
      >
        <div
          className="card-padding card"
        >
          <div
            className="card-body"
          >
            <div
              className="card-title h5"
              data-testid="SC_value"
            >
              0%
            </div>
            <div
              className="mb-2 text-muted card-subtitle h6"
              data-testid="SC_description"
            >
              Are Nouns
            </div>
          </div>
        </div>
      </div>
      <div
        className="col-md-3 col-6"
      >
        <div
          className="card-padding card"
        >
          <div
            className="card-body"
          >
            <div
              className="card-title h5"
              data-testid="SC_value"
            >
              0%
            </div>
            <div
              className="mb-2 text-muted card-subtitle h6"
              data-testid="SC_description"
            >
              Are Adjective
            </div>
          </div>
        </div>
      </div>
    </div>
    <div
      className="justify-content-md-center row"
    >
      <div
        className="input-group"
      >
        <textarea
          aria-label="With textarea"
          className="main-text-area form-control"
          data-testid="SingleTextTA"
          onChange={[Function]}
          placeholder="Enter your text document here ..."
          rows="15"
          value=""
        />
      </div>
    </div>
    <div
      className="justify-content-md-center row"
    >
      <div
        aria-label="Toolbar with button groups"
        className="btn-toolbar"
        role="toolbar"
      >
        <div
          aria-label="First group"
          className="mr-2 btn-group"
          role="group"
        >
          <button
            className="analyze-button btn btn-primary"
            disabled={false}
            onClick={[Function]}
            type="button"
          >
            Analyze
          </button>
        </div>
        <div
          aria-label="Second group"
          className="mr-2 btn-group"
          role="group"
        >
          <button
            className="analyze-button btn btn-primary"
            disabled={false}
            onClick={[Function]}
            type="button"
          >
            <img
              alt=""
              src="recordbutton.png"
            />
          </button>
          <button
            className="analyze-button btn btn-primary"
            data-testid="SingleTextCLR"
            disabled={false}
            onClick={[Function]}
            type="button"
          >
            Clear
          </button>
        </div>
      </div>
    </div>
  </div>
</div>
`;
